muxpart__11: 
keep__11: 
keep__50: 
case__7: 
reg__28: 
logic__699: 
logic__511: 
logic__161: 
logic__596: 
muxpart__22: 
logic__678: 
logic__311: 
vio_v3_0_19_probe_out_all: 
reg__1: 
case__4: 
logic__5: 
datapath__2: 
logic__251: 
reg__8: 
keep__15: 
reg__40: 
keep__22: 
reg__7: 
logic__611: 
logic__621: 
logic__76: 
logic__46: 
muxpart__29: 
logic__601: 
keep: 
logic__261: 
keep__52: 
keep__42: 
reg__45: 
keep__48: 
reg__19: 
reg__38: 
logic__541: 
keep__51: 
logic__116: 
muxpart__17: 
logic__531: 
logic__71: 
case__8: 
logic__526: 
logic__491: 
muxpart__21: 
keep__18: 
muxpart__35: 
logic__206: 
muxpart__20: 
keep__6: 
logic__361: 
keep__35: 
logic__31: 
keep__3: 
logic__271: 
logic__346: 
logic__697: 
logic__241: 
logic__171: 
vio_v3_0_19_probe_width: 
logic__36: 
logic__211: 
logic__41: 
logic__501: 
logic__376: 
xsdbs_v1_0_2_xsdbs: 
keep__47: 
reg__52: 
muxpart__23: 
logic__586: 
keep__23: 
logic__631: 
keep__46: 
keep__38: 
reg__13: 
logic__351: 
case__5: 
logic__606: 
logic__456: 
logic__26: 
logic__616: 
logic__682: 
logic__665: 
reg__20: 
keep__28: 
keep__5: 
reg__51: 
muxpart__32: 
muxpart__19: 
logic__696: 
logic__256: 
logic__536: 
logic__21: 
reg__2: 
reg__47: 
logic__296: 
logic__106: 
logic__476: 
keep__43: 
logic__561: 
muxpart__28: 
reg__36: 
keep__25: 
muxpart__9: 
keep__20: 
logic__56: 
logic__683: 
keep__2: 
logic__451: 
reg__54: 
muxpart__31: 
logic__396: 
logic__291: 
logic__276: 
logic__91: 
vio_v3_0_19_probe_out_one__parameterized1: 
vio_v3_0_19_probe_in_one: 
vio_v3_0_19_probe_out_one: 
reg__12: 
keep__33: 
logic__186: 
reg__44: 
logic__301: 
logic__341: 
case: 
logic__687: 
logic__591: 
logic__546: 
reg__35: 
muxpart__24: 
keep__40: 
reg__16: 
logic__421: 
reg__24: 
keep__45: 
logic__1: 
reg__25: 
logic__636: 
logic__516: 
reg__17: 
muxpart__12: 
muxpart__18: 
logic__146: 
muxpart__16: 
reg__33: 
reg__14: 
logic__201: 
reg__15: 
reg__27: 
logic__486: 
keep__16: 
logic__326: 
reg__31: 
keep__49: 
logic__441: 
reg__18: 
logic__221: 
keep__9: 
logic__136: 
keep__27: 
muxpart__33: 
logic__121: 
logic__401: 
logic__166: 
logic__231: 
vio_v3_0_19_probe_width__parameterized0: 
muxpart__34: 
logic__406: 
logic__686: 
logic__356: 
reg__30: 
reg__3: 
reg__26: 
reg__46: 
logic__436: 
keep__7: 
logic__650: 
logic__566: 
vio_v3_0_19_probe_out_one__parameterized0: 
logic__181: 
logic__151: 
keep__19: 
keep__29: 
vio_v3_0_19_vio: 
logic__386: 
datapath: 
muxpart__1: 
muxpart__2: 
logic__700: 
logic__246: 
vio_0: 
logic__431: 
muxpart__5: 
reg__22: 
reg__50: 
logic: 
logic__702: 
reg__53: 
keep__39: 
logic__101: 
logic__11: 
keep__10: 
logic__571: 
logic__576: 
muxpart__3: 
reg__34: 
logic__471: 
logic__371: 
reg__58: 
reg__5: 
logic__111: 
reg__56: 
logic__81: 
keep__21: 
reg__9: 
reg__29: 
logic__281: 
logic__693: 
keep__44: 
logic__426: 
logic__2: 
case__3: 
logic__131: 
logic__16: 
logic__306: 
reg__21: 
reg__49: 
logic__191: 
reg__6: 
reg__55: 
vio_v3_0_19_decoder: 
reg__41: 
logic__653: 
logic__521: 
logic__481: 
muxpart__30: 
logic__411: 
logic__641: 
logic__581: 
muxpart__25: 
logic__286: 
keep__4: 
reg__32: 
keep__31: 
logic__381: 
keep__32: 
logic__321: 
logic__466: 
logic__646: 
muxpart__8: 
keep__37: 
logic__506: 
logic__216: 
keep__8: 
logic__446: 
keep__34: 
muxpart__15: 
muxpart__14: 
logic__366: 
logic__416: 
case__1: 
logic__126: 
reg__42: 
case__2: 
logic__96: 
keep__26: 
logic__61: 
keep__14: 
reg__43: 
reg__57: 
reg__23: 
muxpart: 
keep__36: 
logic__496: 
logic__391: 
reg__48: 
muxpart__7: 
logic__666: 
reg__10: 
keep__1: 
logic__336: 
muxpart__10: 
keep__41: 
logic__266: 
logic__551: 
keep__30: 
logic__6: 
keep__17: 
reg__39: 
keep__24: 
vio_v3_0_19_probe_out_one__parameterized3: 
muxpart__36: 
case__6: 
keep__53: 
logic__176: 
logic__316: 
logic__66: 
datapath__1: 
logic__236: 
logic__461: 
muxpart__6: 
logic__226: 
muxpart__13: 
logic__196: 
reg__11: 
keep__13: 
logic__626: 
logic__86: 
logic__51: 
keep__12: 
logic__556: 
logic__141: 
muxpart__4: 
reg__4: 
logic__331: 
reg: 
reg__37: 
logic__156: 
muxpart__26: 
vio_v3_0_19_probe_out_one__parameterized2: 
